// Vitest Snapshot v1

exports[`Main App Component > rendering 1`] = `
<div>
  <div
    class="App"
  >
    <header>
      <img
        alt="logo"
        src="./pizza-logo.png"
      />
      <h1>
        Pizza-Bytes
      </h1>
    </header>
  </div>
</div>
`;
